(node:70185) [DEP0205] DeprecationWarning: `module.register()` is deprecated. Use `module.registerHooks()` instead.
(Use `node --trace-deprecation ...` to show where the warning was created)
[2m[WebServer] [22m(node:70191) Warning: The 'NO_COLOR' env is ignored due to the 'FORCE_COLOR' env being set.
[2m[WebServer] [22m(Use `node --trace-warnings ...` to show where the warning was created)
[2m[WebServer] [22m(node:70191) [DEP0205] DeprecationWarning: `module.register()` is deprecated. Use `module.registerHooks()` instead.
[2m[WebServer] [22m(node:70207) Warning: The 'NO_COLOR' env is ignored due to the 'FORCE_COLOR' env being set.
[2m[WebServer] [22m(Use `node --trace-warnings ...` to show where the warning was created)
[2m[WebServer] [22m(node:70207) [DEP0205] DeprecationWarning: `module.register()` is deprecated. Use `module.registerHooks()` instead.

Running 66 tests using 1 worker

(node:70277) Warning: The 'NO_COLOR' env is ignored due to the 'FORCE_COLOR' env being set.
(Use `node --trace-warnings ...` to show where the warning was created)
(node:70277) [DEP0205] DeprecationWarning: `module.register()` is deprecated. Use `module.registerHooks()` instead.
(node:70277) Warning: The 'NO_COLOR' env is ignored due to the 'FORCE_COLOR' env being set.
(Use `node --trace-warnings ...` to show where the warning was created)
  ✓   1 [cloud] › tests/account-workspace.spec.ts:108:3 › retired Account Map URLs redirect without writes and preserve stored data after Main editing at 390px (750ms)
  ✓   2 [cloud] › tests/account-workspace.spec.ts:108:3 › retired Account Map URLs redirect without writes and preserve stored data after Main editing at 768px (693ms)
  ✓   3 [cloud] › tests/account-workspace.spec.ts:108:3 › retired Account Map URLs redirect without writes and preserve stored data after Main editing at 1280px (683ms)
  ✓   4 [cloud] › tests/account-workspace.spec.ts:150:3 › password and Google sign-in remain usable at 390px (2.8s)
  ✓   5 [cloud] › tests/account-workspace.spec.ts:150:3 › password and Google sign-in remain usable at 768px (2.6s)
  ✓   6 [cloud] › tests/account-workspace.spec.ts:150:3 › password and Google sign-in remain usable at 1280px (2.7s)
  ✓   7 [cloud] › tests/account-workspace.spec.ts:172:1 › password login rejects wrong credentials and loads the same account workspace after success and reload (3.2s)
  ✓   8 [cloud] › tests/account-workspace.spec.ts:198:1 › password reauthentication restores unsent input without automatically saving it (2.8s)
  ✓   9 [cloud] › tests/account-workspace.spec.ts:220:1 › imports this browser only after explicit choice and preserves its original (2.7s)
  ✓  10 [cloud] › tests/account-workspace.spec.ts:232:1 › two browsers share edits and another Google account keeps its own plan (3.4s)
  ✓  11 [cloud] › tests/account-workspace.spec.ts:252:1 › lost save response retries once without applying the same edit twice (3.0s)
  ✓  12 [cloud] › tests/account-workspace.spec.ts:266:1 › lost browser migration response stays uncertain and retries idempotently (2.7s)
  ✓  13 [cloud] › tests/account-workspace.spec.ts:283:1 › a concurrent edit retains input and requires explicit reapply (3.0s)
  ✓  14 [cloud] › tests/account-workspace.spec.ts:300:1 › simulation target edits persist through the account save path without changing other apps (4.7s)
  ✓  15 [cloud] › tests/account-workspace.spec.ts:327:3 › all three authenticated product entries fit mobile with initial app menus (6.8s)
  ✓  16 [cloud] › tests/account-workspace.spec.ts:327:3 › all three authenticated product entries fit mobile with configured app menus (6.9s)
  ✓  17 [cloud] › tests/account-workspace.spec.ts:383:1 › account actions stay inside settings and remain usable offline while edits are locked (2.9s)
  ✓  18 [cloud] › tests/account-workspace.spec.ts:404:1 › settings remain available in authenticated Main setup (2.7s)
  ✓  19 [cloud] › tests/account-workspace.spec.ts:411:1 › open restart confirmation becomes read-only offline (2.9s)
  ✓  20 [cloud] › tests/account-workspace.spec.ts:424:1 › read failure offers recovery rather than a new workspace (2.4s)
  ✓  21 [cloud] › tests/account-workspace.spec.ts:432:1 › static callback refresh scrubs OAuth errors and exposes a safe return link (329ms)
  ✓  22 [cloud] › tests/account-workspace.spec.ts:440:1 › unsent Main input survives reload without changing the server (3.1s)
  ✓  23 [cloud] › tests/account-workspace.spec.ts:453:1 › an authenticated offline revisit is read-only and does not upload cached data (2.9s)
  ✓  24 [cloud] › tests/account-workspace.spec.ts:464:1 › first creation race uses the existing server plan without marking a local import complete (2.8s)
  ✓  25 [cloud] › tests/account-workspace.spec.ts:476:1 › local logout clears both tabs and account caches but preserves the migration source (3.0s)
  ✓  26 [cloud] › tests/account-workspace.spec.ts:491:1 › a duplicated tab polling does not overwrite unsent input recovery (5.7s)
  ✓  27 [cloud] › tests/account-workspace.spec.ts:511:1 › automatic sign-out preserves an in-memory recovery download when cache is unavailable (2.8s)
  ✓  28 [cloud] › tests/account-workspace.spec.ts:531:1 › a later tab can export closed-tab recovery without applying it to the account (5.5s)
  ✓  29 [cloud] › tests/account-workspace.spec.ts:568:1 › expense assistant advances blank and explicit zero answers while preserving Main until completion (3.3s)
  ✓  30 [cloud] › tests/account-workspace.spec.ts:603:1 › expense assistant remembers each answer, replaces rough totals only on completion and survives manual edits (8.1s)
  ✓  31 [cloud] › tests/account-workspace.spec.ts:683:3 › expense entry and whole-plan editor have distinct contained controls and focus at 390px (3.8s)
  ✓  32 [cloud] › tests/account-workspace.spec.ts:683:3 › expense entry and whole-plan editor have distinct contained controls and focus at 768px (3.8s)
  ✓  33 [cloud] › tests/account-workspace.spec.ts:683:3 › expense entry and whole-plan editor have distinct contained controls and focus at 1280px (4.0s)
  ✓  34 [cloud] › tests/account-workspace.spec.ts:786:3 › expense completion recovers response-lost inside the dialog without duplicate sums or stale Main writes (3.0s)
  ✓  35 [cloud] › tests/account-workspace.spec.ts:786:3 › expense completion recovers conflict inside the dialog without duplicate sums or stale Main writes (3.2s)
  ✓  36 [cloud] › tests/account-workspace.spec.ts:818:3 › remaining allocation previews, cancels and persists partial additions at 390px (1.1s)
  ✓  37 [cloud] › tests/account-workspace.spec.ts:818:3 › remaining allocation previews, cancels and persists partial additions at 768px (1.1s)
  ✓  38 [cloud] › tests/account-workspace.spec.ts:818:3 › remaining allocation previews, cancels and persists partial additions at 1280px (1.2s)
  ✓  39 [cloud] › tests/account-workspace.spec.ts:896:1 › remaining allocation explains a deficit without writing or offering additions (2.7s)
  ✓  40 [cloud] › tests/account-workspace.spec.ts:907:3 › remaining allocation recovers response-lost without adding twice or overwriting a newer plan (2.9s)
  ✓  41 [cloud] › tests/account-workspace.spec.ts:907:3 › remaining allocation recovers conflict without adding twice or overwriting a newer plan (3.0s)
  ✓  42 [cloud] › tests/account-workspace.spec.ts:939:1 › canceling an initially invalid remaining allocation releases account edits for remote refresh (3.2s)
  ✓  43 [cloud] › tests/account-workspace.spec.ts:961:3 › Main reset waits 2.5 seconds without a countdown and preserves other data at 390px (1.1s)
  ✓  44 [cloud] › tests/account-workspace.spec.ts:961:3 › Main reset waits 2.5 seconds without a countdown and preserves other data at 768px (1.1s)
  ✓  45 [cloud] › tests/account-workspace.spec.ts:961:3 › Main reset waits 2.5 seconds without a countdown and preserves other data at 1280px (1.1s)
  ✓  46 [cloud] › tests/account-workspace.spec.ts:1034:1 › Main reset keeps the dialog and existing plan when account save fails (5.7s)
  ✓  47 [cloud] › tests/account-workspace.spec.ts:1051:3 › Main reset clears all assistant history after response-lost recovery (6.1s)
  ✓  48 [cloud] › tests/account-workspace.spec.ts:1051:3 › Main reset clears all assistant history after conflict recovery (6.1s)
  ✓  49 [cloud] › tests/account-workspace.spec.ts:1081:3 › app launch landing and internal navigation use distinct screens at 390px (6.2s)
  ✓  50 [cloud] › tests/account-workspace.spec.ts:1081:3 › app launch landing and internal navigation use distinct screens at 768px (6.2s)
  ✓  51 [cloud] › tests/account-workspace.spec.ts:1081:3 › app launch landing and internal navigation use distinct screens at 1280px (6.2s)
  ✓  52 [cloud] › tests/account-workspace.spec.ts:1144:1 › signed-out launch leads to login without replaying the landing after password success (1.2s)
  ✓  53 [cloud] › tests/account-workspace.spec.ts:1162:1 › OAuth return continues the launch without another brand screen (687ms)
  ✓  54 [cloud] › tests/account-workspace.spec.ts:1175:1 › Main restart replays only after confirmation and a resumed setup does not replay (4.2s)
  ✓  55 [cloud] › tests/account-workspace.spec.ts:1195:1 › reduced motion skips the landing and a failed initial read still exposes recovery (365ms)
  ✓  56 [cloud] › tests/account-workspace.spec.ts:1206:1 › a newly opened tab gets its own launch landing even with cloned session storage (3.4s)
  ✓  57 [cloud] › tests/account-workspace.spec.ts:1224:5 › Main saving overlay preserves layout at 390px with no-preference (3.9s)
  ✓  58 [cloud] › tests/account-workspace.spec.ts:1224:5 › Main saving overlay preserves layout at 390px with reduce (1.4s)
  ✓  59 [cloud] › tests/account-workspace.spec.ts:1224:5 › Main saving overlay preserves layout at 768px with no-preference (3.9s)
  ✓  60 [cloud] › tests/account-workspace.spec.ts:1224:5 › Main saving overlay preserves layout at 768px with reduce (1.3s)
  ✓  61 [cloud] › tests/account-workspace.spec.ts:1224:5 › Main saving overlay preserves layout at 1280px with no-preference (3.8s)
  ✓  62 [cloud] › tests/account-workspace.spec.ts:1224:5 › Main saving overlay preserves layout at 1280px with reduce (1.4s)
  ✓  63 [cloud] › tests/account-workspace.spec.ts:1274:3 › Portfolio editor preserves completed draft and Main ownership after save-failure (3.9s)
  ✓  64 [cloud] › tests/account-workspace.spec.ts:1274:3 › Portfolio editor preserves completed draft and Main ownership after conflict (4.0s)
  ✓  65 [cloud] › tests/account-workspace.spec.ts:1305:1 › Portfolio editor recovers unsent item input and retains offline locks in portaled dialogs (3.5s)
  ✓  66 [cloud] › tests/account-workspace.spec.ts:1325:1 › Portfolio editor locks an already open item dialog when account refresh goes offline (3.0s)

  66 passed (3.5m)
