(node:63688) [DEP0205] DeprecationWarning: `module.register()` is deprecated. Use `module.registerHooks()` instead.
(Use `node --trace-deprecation ...` to show where the warning was created)
[2m[WebServer] [22m(node:63694) Warning: The 'NO_COLOR' env is ignored due to the 'FORCE_COLOR' env being set.
[2m[WebServer] [22m(Use `node --trace-warnings ...` to show where the warning was created)
[2m[WebServer] [22m(node:63694) [DEP0205] DeprecationWarning: `module.register()` is deprecated. Use `module.registerHooks()` instead.
[2m[WebServer] [22m(node:63696) Warning: The 'NO_COLOR' env is ignored due to the 'FORCE_COLOR' env being set.
[2m[WebServer] [22m(Use `node --trace-warnings ...` to show where the warning was created)
[2m[WebServer] [22m(node:63696) [DEP0205] DeprecationWarning: `module.register()` is deprecated. Use `module.registerHooks()` instead.

Running 29 tests using 1 worker

(node:63741) Warning: The 'NO_COLOR' env is ignored due to the 'FORCE_COLOR' env being set.
(Use `node --trace-warnings ...` to show where the warning was created)
(node:63741) [DEP0205] DeprecationWarning: `module.register()` is deprecated. Use `module.registerHooks()` instead.
(node:63741) Warning: The 'NO_COLOR' env is ignored due to the 'FORCE_COLOR' env being set.
(Use `node --trace-warnings ...` to show where the warning was created)
  ✘   1 [chromium] › tests/motion-system.spec.ts:121:3 › mobile captures cross-app motion boundaries without losing semantics or focus (30.0s)
(node:64208) Warning: The 'NO_COLOR' env is ignored due to the 'FORCE_COLOR' env being set.
(Use `node --trace-warnings ...` to show where the warning was created)
(node:64208) [DEP0205] DeprecationWarning: `module.register()` is deprecated. Use `module.registerHooks()` instead.
(node:64208) Warning: The 'NO_COLOR' env is ignored due to the 'FORCE_COLOR' env being set.
(Use `node --trace-warnings ...` to show where the warning was created)
  ✘   2 [chromium] › tests/motion-system.spec.ts:121:3 › tablet captures cross-app motion boundaries without losing semantics or focus (30.0s)
(node:64672) Warning: The 'NO_COLOR' env is ignored due to the 'FORCE_COLOR' env being set.
(Use `node --trace-warnings ...` to show where the warning was created)
(node:64672) [DEP0205] DeprecationWarning: `module.register()` is deprecated. Use `module.registerHooks()` instead.
(node:64672) Warning: The 'NO_COLOR' env is ignored due to the 'FORCE_COLOR' env being set.
(Use `node --trace-warnings ...` to show where the warning was created)
  ✘   3 [chromium] › tests/motion-system.spec.ts:121:3 › desktop captures cross-app motion boundaries without losing semantics or focus (30.0s)
(node:65069) Warning: The 'NO_COLOR' env is ignored due to the 'FORCE_COLOR' env being set.
(Use `node --trace-warnings ...` to show where the warning was created)
(node:65069) [DEP0205] DeprecationWarning: `module.register()` is deprecated. Use `module.registerHooks()` instead.
(node:65069) Warning: The 'NO_COLOR' env is ignored due to the 'FORCE_COLOR' env being set.
(Use `node --trace-warnings ...` to show where the warning was created)
  -   4 [chromium] › tests/motion-system.spec.ts:230:1 › PWA offline revisit keeps all app routes and final motion state available
  ✓   5 [chromium] › tests/portfolio.spec.ts:124:1 › creates one allocation and revisits result-first (766ms)
  ✓   6 [chromium] › tests/portfolio.spec.ts:170:1 › resumes and cancels a draft, validates manual cash, and confirms reset (2.4s)
  ✓   7 [chromium] › tests/portfolio.spec.ts:226:1 › explains duplicate names and blocks confirmation until corrected (666ms)
  ✓   8 [chromium] › tests/portfolio.spec.ts:245:1 › puts a Main investment increase into cash (330ms)
  ✓   9 [chromium] › tests/portfolio.spec.ts:256:1 › shows the source-state summary first and keeps view preferences separate (600ms)
  ✓  10 [chromium] › tests/portfolio.spec.ts:280:1 › gates zero investment and focuses Main investment editing (457ms)
  ✓  11 [chromium] › tests/portfolio.spec.ts:293:1 › keeps the summary-first ratio list usable across required widths (778ms)
  ✓  12 [chromium] › tests/portfolio.spec.ts:391:1 › contains the mobile editor, apply bar, and confirmation dialog (1.2s)
  ✓  13 [chromium] › tests/portfolio.spec.ts:419:1 › keeps add-sheet amount adjustments ordered, touch-sized, and on one row at 390px (778ms)
  ✓  14 [chromium] › tests/portfolio.spec.ts:448:1 › slides the mobile edit card in from below the viewport (785ms)
  ✓  15 [chromium] › tests/portfolio.spec.ts:483:1 › isolates applied editing as a sheet or panel and restores focus (1.5s)
  ✓  16 [chromium] › tests/portfolio.spec.ts:521:1 › reflows a long Korean target name at a 200% desktop-zoom equivalent width (366ms)
  ✘  17 [chromium] › tests/portfolio.spec.ts:572:1 › keeps the final mobile editor control above the save-error apply bar (30.0s)
(node:65565) Warning: The 'NO_COLOR' env is ignored due to the 'FORCE_COLOR' env being set.
(Use `node --trace-warnings ...` to show where the warning was created)
(node:65565) [DEP0205] DeprecationWarning: `module.register()` is deprecated. Use `module.registerHooks()` instead.
(node:65565) Warning: The 'NO_COLOR' env is ignored due to the 'FORCE_COLOR' env being set.
(Use `node --trace-warnings ...` to show where the warning was created)
  ✓  18 [chromium] › tests/portfolio.spec.ts:608:1 › contains the focused target sheet at 768px (470ms)
  ✓  19 [chromium] › tests/portfolio.spec.ts:623:1 › protects dirty mobile target input and reuses the sheet for editing (1.9s)
  ✓  20 [chromium] › tests/portfolio.spec.ts:687:3 › contains target shortcuts at 768px (457ms)
  ✓  21 [chromium] › tests/portfolio.spec.ts:687:3 › contains target shortcuts at 1280px (455ms)
  ✓  22 [chromium] › tests/portfolio.spec.ts:706:1 › does not expose account or custody management and preserves retired Account Map data (1.3s)
  ✓  23 [chromium] › tests/portfolio.spec.ts:769:3 › keeps nested editor focus and footer containment at 390px (1.4s)
  ✓  24 [chromium] › tests/portfolio.spec.ts:769:3 › keeps nested editor focus and footer containment at 768px (1.4s)
  ✓  25 [chromium] › tests/portfolio.spec.ts:769:3 › keeps nested editor focus and footer containment at 1280px (1.2s)
  ✓  26 [chromium] › tests/portfolio.spec.ts:827:3 › scrolls ten editor targets without covering summary or actions at 390px (905ms)
  ✓  27 [chromium] › tests/portfolio.spec.ts:827:3 › scrolls ten editor targets without covering summary or actions at 640px (814ms)
  ✓  28 [chromium] › tests/portfolio.spec.ts:827:3 › scrolls ten editor targets without covering summary or actions at 768px (860ms)
  ✓  29 [chromium] › tests/portfolio.spec.ts:827:3 › scrolls ten editor targets without covering summary or actions at 1280px (888ms)


  1) [chromium] › tests/motion-system.spec.ts:121:3 › mobile captures cross-app motion boundaries without losing semantics or focus

    [31mTest timeout of 30000ms exceeded.[39m

    Error: locator.fill: Test timeout of 30000ms exceeded.
    Call log:
    [2m  - waiting for getByLabel('금 금액', { exact: true })[22m


      196 |     await page.getByRole('button', { name: '배분 수정' }).click();
      197 |     const goldAmount = page.getByLabel('금 금액', { exact: true });
    > 198 |     await goldAmount.fill('40000');
          |                      ^
      199 |     await goldAmount.blur();
      200 |     await page.getByRole('button', { name: '적용' }).click();
      201 |     await installPortfolioBoundaryProbe(page, PORTFOLIO_UPDATED_ROWS);
        at /Users/jinho/orca/IndividualSavingsFlowUI/tests/motion-system.spec.ts:198:22

    Error Context: test-results/motion-system-mobile-captu-ac2c9-t-losing-semantics-or-focus-chromium/error-context.md

  2) [chromium] › tests/motion-system.spec.ts:121:3 › tablet captures cross-app motion boundaries without losing semantics or focus

    [31mTest timeout of 30000ms exceeded.[39m

    Error: locator.fill: Test timeout of 30000ms exceeded.
    Call log:
    [2m  - waiting for getByLabel('금 금액', { exact: true })[22m


      196 |     await page.getByRole('button', { name: '배분 수정' }).click();
      197 |     const goldAmount = page.getByLabel('금 금액', { exact: true });
    > 198 |     await goldAmount.fill('40000');
          |                      ^
      199 |     await goldAmount.blur();
      200 |     await page.getByRole('button', { name: '적용' }).click();
      201 |     await installPortfolioBoundaryProbe(page, PORTFOLIO_UPDATED_ROWS);
        at /Users/jinho/orca/IndividualSavingsFlowUI/tests/motion-system.spec.ts:198:22

    Error Context: test-results/motion-system-tablet-captu-adab2-t-losing-semantics-or-focus-chromium/error-context.md

  3) [chromium] › tests/motion-system.spec.ts:121:3 › desktop captures cross-app motion boundaries without losing semantics or focus

    [31mTest timeout of 30000ms exceeded.[39m

    Error: locator.fill: Test timeout of 30000ms exceeded.
    Call log:
    [2m  - waiting for getByLabel('금 금액', { exact: true })[22m


      196 |     await page.getByRole('button', { name: '배분 수정' }).click();
      197 |     const goldAmount = page.getByLabel('금 금액', { exact: true });
    > 198 |     await goldAmount.fill('40000');
          |                      ^
      199 |     await goldAmount.blur();
      200 |     await page.getByRole('button', { name: '적용' }).click();
      201 |     await installPortfolioBoundaryProbe(page, PORTFOLIO_UPDATED_ROWS);
        at /Users/jinho/orca/IndividualSavingsFlowUI/tests/motion-system.spec.ts:198:22

    Error Context: test-results/motion-system-desktop-capt-08cb9-t-losing-semantics-or-focus-chromium/error-context.md

  4) [chromium] › tests/portfolio.spec.ts:572:1 › keeps the final mobile editor control above the save-error apply bar

    [31mTest timeout of 30000ms exceeded.[39m

    Error: locator.click: Test timeout of 30000ms exceeded.
    Call log:
    [2m  - waiting for getByRole('button', { name: '완료' })[22m
    [2m    - locator resolved to <button type="button" class="ui-button ui-button--primary">완료</button>[22m
    [2m  - attempting click action[22m
    [2m    2 × waiting for element to be visible, enabled and stable[22m
    [2m      - element is not stable[22m
    [2m    - retrying click action[22m
    [2m    - waiting 20ms[22m
    [2m    - waiting for element to be visible, enabled and stable[22m
    [2m  - element was detached from the DOM, retrying[22m


      588 |   await page.getByRole('button', { name: /인덱스 편집/ }).click();
      589 |   await page.getByLabel('금액', { exact: true }).fill('110000');
    > 590 |   await page.getByRole('button', { name: '완료' }).click();
          |                                                  ^
      591 |   const applyBar = page.getByRole('complementary', { name: '배분 변경' });
      592 |   await expect(applyBar.getByRole('alert')).toContainText('저장하지 못했습니다');
      593 |   await page.locator('.portfolio-edit-surface__body').evaluate((element) => {
        at /Users/jinho/orca/IndividualSavingsFlowUI/tests/portfolio.spec.ts:590:50

    Error Context: test-results/portfolio-keeps-the-final--ff15a-ve-the-save-error-apply-bar-chromium/error-context.md

  4 failed
    [chromium] › tests/motion-system.spec.ts:121:3 › mobile captures cross-app motion boundaries without losing semantics or focus
    [chromium] › tests/motion-system.spec.ts:121:3 › tablet captures cross-app motion boundaries without losing semantics or focus
    [chromium] › tests/motion-system.spec.ts:121:3 › desktop captures cross-app motion boundaries without losing semantics or focus
    [chromium] › tests/portfolio.spec.ts:572:1 › keeps the final mobile editor control above the save-error apply bar
  1 skipped
  24 passed (2.4m)
